14:33:28 **** Incremental Build of configuration Debug for project ex10_lab1 ****
make -j4 all 
arm-none-eabi-gcc "../Core/Src/main.c" -mcpu=cortex-m3 -std=gnu11 -g3 -DDEBUG -DUSE_HAL_DRIVER -DSTM32F103x6 -c -I../Core/Inc -I../Drivers/STM32F1xx_HAL_Driver/Inc/Legacy -I../Drivers/STM32F1xx_HAL_Driver/Inc -I../Drivers/CMSIS/Device/ST/STM32F1xx/Include -I../Drivers/CMSIS/Include -O0 -ffunction-sections -fdata-sections -Wall -fstack-usage -fcyclomatic-complexity -MMD -MP -MF"Core/Src/main.d" -MT"Core/Src/main.o" --specs=nano.specs -mfloat-abi=soft -mthumb -o "Core/Src/main.o"
arm-none-eabi-gcc -o "ex10_lab1.elf" @"objects.list"   -mcpu=cortex-m3 -T"D:\IoT\STM32\NOLIB\ex10_lab1\STM32F103C6TX_FLASH.ld" --specs=nosys.specs -Wl,-Map="ex10_lab1.map" -Wl,--gc-sections -static --specs=nano.specs -mfloat-abi=soft -mthumb -Wl,--start-group -lc -lm -Wl,--end-group
Finished building target: ex10_lab1.elf
 
arm-none-eabi-size  ex10_lab1.elf 
arm-none-eabi-objdump -h -S ex10_lab1.elf  > "ex10_lab1.list"
arm-none-eabi-objcopy  -O ihex ex10_lab1.elf  "ex10_lab1.hex"
   text	   data	    bss	    dec	    hex	filename
   5352	     24	   1584	   6960	   1b30	ex10_lab1.elf
Finished building: default.size.stdout
 
Finished building: ex10_lab1.hex
Finished building: ex10_lab1.list
 
 
